error: expected `=`
 --> tests/compile_fail/missing_path_value.rs
  |
  | #[template(path)]  // Missing path value
  |                ^
